Script started on 2018-09-27 10:15:23-06:00
]0;patrick.quan@csa2:~/Documents/CPSC 355/Assignment 1patrick.quan@csa2:~/Documents/CPSC 355/Assignment 1$ gdb A1b
GNU gdb (GDB) Fedora 8.1.1-3.fc28
Copyright (C) 2018 Free Software Foundation, Inc.
License GPLv3+: GNU GPL version 3 or later <http://gnu.org/licenses/gpl.html>
This is free software: you are free to change and redistribute it.
There is NO WARRANTY, to the extent permitted by law.  Type "show copying"
and "show warranty" for details.
This GDB was configured as "aarch64-redhat-linux-gnu".
Type "show configuration" for configuration details.
For bug reporting instructions, please see:
<http://www.gnu.org/software/gdb/bugs/>.
Find the GDB manual and other documentation resources online at:
<http://www.gnu.org/software/gdb/documentation/>.
For help, type "help".
Type "apropos word" to search for commands related to "word"...
Reading symbols from A1b...done.
(gdb) display [K/i%[K$pc
1: x/i $pc
<error: No registers.>
(gdb) b done
Breakpoint 1 at 0x400618: file assignment1Part2.s, line 60.
(gdb) r
Starting program: /home/ugc/patrick.quan/Documents/CPSC 355/Assignment 1/A1b 
warning: the debug information found in "/usr/lib/debug//usr/lib64/ld-2.27.so.debug" does not match "/lib/ld-linux-aarch64.so.1" (CRC mismatch).

Missing separate debuginfos, use: dnf debuginfo-install glibc-2.27-32.fc28.aarch64
warning: the debug information found in "/usr/lib/debug//lib64/libc-2.27.so.debug" does not match "/lib64/libc.so.6" (CRC mismatch).

warning: the debug information found in "/usr/lib/debug//usr/lib64/libc-2.27.so.debug" does not match "/lib64/libc.so.6" (CRC mismatch).

x = -6 	    y = -29 	  Maximum = -29
x = -5 	    y = -139 	  Maximum = -29
x = -4 	    y = -161 	  Maximum = -29
x = -3 	    y = -125 	  Maximum = -29
x = -2 	    y = -61 	  Maximum = -29
x = -1 	    y = 1 	  Maximum = 1
x = 0 	    y = 31 	  Maximum = 31
x = 1 	    y = -1 	  Maximum = 31
x = 2 	    y = -125 	  Maximum = 31
x = 3 	    y = -371 	  Maximum = 31
x = 4 	    y = -769 	  Maximum = 31
x = 5 	    y = -1349 	  Maximum = 31

Breakpoint 1, done () at assignment1Part2.s:60
60	        ldp       x29, x30, [sp], 16
1: x/i $pc
=> 0x400618 <done>:	ldp	x29, x30, [sp], #16
(gdb) ps[K[Kp $x25
$1 = 31
(gdb) r[Kc
Continuing.

Program received signal SIGABRT, Aborted.
0x0000ffffbf56e97c in raise () from /lib64/libc.so.6
1: x/i $pc
=> 0xffffbf56e97c <raise+172>:	ldr	x19, [x19, #3816]
(gdb) q
A debugging session is active.

	Inferior 1 [process 30120] will be killed.

Quit anyway? (y or n) y
]0;patrick.quan@csa2:~/Documents/CPSC 355/Assignment 1patrick.quan@csa2:~/Documents/CPSC 355/Assignment 1$ exit
exit

Script done on 2018-09-27 10:15:57-06:00
